[    0.000000] Initializing cgroup subsys cpuset
[    0.000000] Initializing cgroup subsys cpu
[    0.000000] Initializing cgroup subsys cpuacct
[    0.000000] Linux version 3.10.0-1062.12.1.rt56.1042.el7.x86_64 (csi@runner-e65c9fb6-project-181-concurrent-0) (gcc version 4.8.5 20150623 (Red Hat 4.8.5-36) (GCC) ) #1 SMP PREEMPT RT Thu Feb 6 09:19:51 UTC 2020
[    0.000000] Command line: BOOT_IMAGE=/vmlinuz-3.10.0-1062.12.1.rt56.1042.el7.x86_64 root=/dev/mapper/centos_test--ipc--wp12--01-root ro crashkernel=auto rd.lvm.lv=centos_test-ipc-wp12-01/root rd.lvm.lv=centos_test-ipc-wp12-01/swap nomodeset LANG=en_US.UTF-8 idle=poll intel_idle.max_cstate=0 processor.max_cstate=1 skew_tick=1 clocksource=tsc skew_tick=1 isolcpus=0 intel_pstate=disable nosoftlockup
[    0.000000] e820: BIOS-provided physical RAM map:
[    0.000000] BIOS-e820: [mem 0x0000000000000000-0x000000000009e7ff] usable
[    0.000000] BIOS-e820: [mem 0x000000000009e800-0x000000000009ffff] reserved
[    0.000000] BIOS-e820: [mem 0x00000000000e0000-0x00000000000fffff] reserved
[    0.000000] BIOS-e820: [mem 0x0000000000100000-0x000000000fffffff] usable
[    0.000000] BIOS-e820: [mem 0x0000000010000000-0x0000000012150fff] reserved
[    0.000000] BIOS-e820: [mem 0x0000000012151000-0x000000006317cfff] usable
[    0.000000] BIOS-e820: [mem 0x000000006317d000-0x000000006317dfff] ACPI NVS
[    0.000000] BIOS-e820: [mem 0x000000006317e000-0x00000000631a7fff] reserved
[    0.000000] BIOS-e820: [mem 0x00000000631a8000-0x000000007822efff] usable
[    0.000000] BIOS-e820: [mem 0x000000007822f000-0x000000007aebefff] reserved
[    0.000000] BIOS-e820: [mem 0x000000007aebf000-0x000000007afbefff] ACPI NVS
[    0.000000] BIOS-e820: [mem 0x000000007afbf000-0x000000007affefff] ACPI data
[    0.000000] BIOS-e820: [mem 0x000000007afff000-0x000000007affffff] usable
[    0.000000] BIOS-e820: [mem 0x000000007b000000-0x000000007fffffff] reserved
[    0.000000] BIOS-e820: [mem 0x00000000d0000000-0x00000000d0ffffff] reserved
[    0.000000] BIOS-e820: [mem 0x00000000d3709000-0x00000000d370afff] reserved
[    0.000000] BIOS-e820: [mem 0x00000000e0000000-0x00000000e3ffffff] reserved
[    0.000000] BIOS-e820: [mem 0x00000000fe042000-0x00000000fe044fff] reserved
[    0.000000] BIOS-e820: [mem 0x00000000fe900000-0x00000000fe902fff] reserved
[    0.000000] BIOS-e820: [mem 0x00000000fec00000-0x00000000fec00fff] reserved
[    0.000000] BIOS-e820: [mem 0x00000000fed01000-0x00000000fed01fff] reserved
[    0.000000] BIOS-e820: [mem 0x00000000fee00000-0x00000000fee00fff] reserved
[    0.000000] BIOS-e820: [mem 0x00000000ff800000-0x00000000ffffffff] reserved
[    0.000000] BIOS-e820: [mem 0x0000000100000000-0x000000017fffffff] usable
[    0.000000] process: using polling idle threads
[    0.000000] NX (Execute Disable) protection: active
[    0.000000] SMBIOS 3.0 present.
[    0.000000] DMI: Neousys Technology Inc. POC-300/POC-300, BIOS Build200305 05/30/2018
[    0.000000] e820: update [mem 0x00000000-0x00000fff] usable ==> reserved
[    0.000000] e820: remove [mem 0x000a0000-0x000fffff] usable
[    0.000000] e820: last_pfn = 0x180000 max_arch_pfn = 0x400000000
[    0.000000] MTRR default type: uncachable
[    0.000000] MTRR fixed ranges enabled:
[    0.000000]   00000-9FFFF write-back
[    0.000000]   A0000-BFFFF uncachable
[    0.000000]   C0000-FFFFF write-protect
[    0.000000] MTRR variable ranges enabled:
[    0.000000]   0 base 0000000000 mask 7F80000000 write-back
[    0.000000]   1 base 007C000000 mask 7FFC000000 uncachable
[    0.000000]   2 base 007B000000 mask 7FFF000000 uncachable
[    0.000000]   3 base 0100000000 mask 7F80000000 write-back
[    0.000000]   4 base 00FFC80000 mask 7FFFC80000 write-combining
[    0.000000]   5 disabled
[    0.000000]   6 disabled
[    0.000000]   7 disabled
[    0.000000]   8 disabled
[    0.000000]   9 disabled
[    0.000000] PAT configuration [0-7]: WB  WC  UC- UC  WB  WP  UC- UC  
[    0.000000] e820: last_pfn = 0x7b000 max_arch_pfn = 0x400000000
[    0.000000] found SMP MP-table at [mem 0x000fe270-0x000fe27f] mapped at [ffffffffff200270]
[    0.000000] Base memory trampoline at [ffff961840098000] 98000 size 24576
[    0.000000] Using GB pages for direct mapping
[    0.000000] BRK [0x12a37c000, 0x12a37cfff] PGTABLE
[    0.000000] BRK [0x12a37d000, 0x12a37dfff] PGTABLE
[    0.000000] BRK [0x12a37e000, 0x12a37efff] PGTABLE
[    0.000000] BRK [0x12a37f000, 0x12a37ffff] PGTABLE
[    0.000000] BRK [0x12a380000, 0x12a380fff] PGTABLE
[    0.000000] BRK [0x12a381000, 0x12a381fff] PGTABLE
[    0.000000] BRK [0x12a382000, 0x12a382fff] PGTABLE
[    0.000000] BRK [0x12a383000, 0x12a383fff] PGTABLE
[    0.000000] BRK [0x12a384000, 0x12a384fff] PGTABLE
[    0.000000] RAMDISK: [mem 0x35a06000-0x36cfafff]
[    0.000000] Early table checksum verification disabled
[    0.000000] ACPI: RSDP 00000000000fe020 00024 (v02 INSYDE)
[    0.000000] ACPI: XSDT 000000007afe1188 000CC (v01 INSYDE   INSYDE 00000003      01000013)
[    0.000000] ACPI: FACP 000000007aff7000 00114 (v06 INSYDE   INSYDE 00000003 ACPI 00040000)
[    0.000000] ACPI: DSDT 000000007afeb000 04D47 (v02 INSYDE   INSYDE 00000003 ACPI 00040000)
[    0.000000] ACPI: FACS 000000007afb0000 00040
[    0.000000] ACPI: UEFI 000000007affd000 00236 (v01 INSYDE   INSYDE 00000001 ACPI 00040000)
[    0.000000] ACPI: BDAT 000000007affb000 00030 (v02 INSYDE   INSYDE 00000000 ACPI 00040000)
[    0.000000] ACPI: UEFI 000000007affa000 00042 (v01 INSYDE   INSYDE 00000002 ACPI 00040000)
[    0.000000] ACPI: PSDS 000000007aff9000 0004D (v01 INSYDE   INSYDE 00000005 ACPI 00040000)
[    0.000000] ACPI: HPET 000000007aff6000 00038 (v01 INSYDE   INSYDE 00000003 ACPI 00040000)
[    0.000000] ACPI: LPIT 000000007aff5000 0005C (v01 INSYDE   INSYDE 00000003 ACPI 00040000)
[    0.000000] ACPI: APIC 000000007aff4000 00084 (v03 INSYDE   INSYDE 00000003 ACPI 00040000)
[    0.000000] ACPI: MCFG 000000007aff3000 0003C (v01 INSYDE   INSYDE 00000003 ACPI 00040000)
[    0.000000] ACPI: NPKT 000000007aff2000 00065 (v01 INSYDE   INSYDE 00000003 ACPI 00040000)
[    0.000000] ACPI: WDRT 000000007aff1000 00047 (v01 INSYDE   INSYDE 00000003 ACPI 00040000)
[    0.000000] ACPI: WSMT 000000007aff0000 00028 (v01 INSYDE   INSYDE 00000003 ACPI 00040000)
[    0.000000] ACPI: SSDT 000000007afea000 0002C (v01 INSYDE Platform 00001000 ACPI 00040000)
[    0.000000] ACPI: SSDT 000000007afe9000 00418 (v02 INSYDE  Cpu0Ist 00003000 ACPI 00040000)
[    0.000000] ACPI: SSDT 000000007afe8000 0072B (v02 INSYDE  CpuSsdt 00003000 ACPI 00040000)
[    0.000000] ACPI: SSDT 000000007afe7000 0032D (v02 INSYDE  Cpu0Tst 00003000 ACPI 00040000)
[    0.000000] ACPI: SSDT 000000007afe6000 0017C (v02 INSYDE    ApTst 00003000 ACPI 00040000)
[    0.000000] ACPI: SSDT 000000007afe3000 02760 (v02 INSYDE  SaSsdt  00003000 ACPI 00040000)
[    0.000000] ACPI: SSDT 000000007afe2000 00B26 (v01 INSYDE  SIOACPI 00001000 ACPI 00040000)
[    0.000000] ACPI: FPDT 000000007afe0000 00034 (v01 INSYDE   INSYDE 00000002 ACPI 00040000)
[    0.000000] ACPI: WDAT 000000007aff8000 00104 (v01 INSYDE   INSYDE 00000000 ACPI 00040000)
[    0.000000] ACPI: Local APIC address 0xfee00000
[    0.000000] No NUMA configuration found
[    0.000000] Faking a node at [mem 0x0000000000000000-0x000000017fffffff]
[    0.000000] NODE_DATA(0) allocated [mem 0x17ffd9000-0x17fffffff]
[    0.000000] Reserving 161MB of memory at 688MB for crashkernel (System RAM: 3936MB)
[    0.000000] Zone ranges:
[    0.000000]   DMA      [mem 0x00001000-0x00ffffff]
[    0.000000]   DMA32    [mem 0x01000000-0xffffffff]
[    0.000000]   Normal   [mem 0x100000000-0x17fffffff]
[    0.000000] Movable zone start for each node
[    0.000000] Early memory node ranges
[    0.000000]   node   0: [mem 0x00001000-0x0009dfff]
[    0.000000]   node   0: [mem 0x00100000-0x0fffffff]
[    0.000000]   node   0: [mem 0x12151000-0x6317cfff]
[    0.000000]   node   0: [mem 0x631a8000-0x7822efff]
[    0.000000]   node   0: [mem 0x7afff000-0x7affffff]
[    0.000000]   node   0: [mem 0x100000000-0x17fffffff]
[    0.000000] Initmem setup node 0 [mem 0x00001000-0x17fffffff]
[    0.000000] On node 0 totalpages: 1007697
[    0.000000]   DMA zone: 64 pages used for memmap
[    0.000000]   DMA zone: 21 pages reserved
[    0.000000]   DMA zone: 3997 pages, LIFO batch:0
[    0.000000]   DMA32 zone: 7491 pages used for memmap
[    0.000000]   DMA32 zone: 479412 pages, LIFO batch:31
[    0.000000]   Normal zone: 8192 pages used for memmap
[    0.000000]   Normal zone: 524288 pages, LIFO batch:31
[    0.000000] Reserving Intel graphics memory at [mem 0x7c000000-0x7fffffff]
[    0.000000] ACPI: PM-Timer IO Port: 0x408
[    0.000000] ACPI: Local APIC address 0xfee00000
[    0.000000] ACPI: LAPIC (acpi_id[0x01] lapic_id[0x00] enabled)
[    0.000000] ACPI: LAPIC (acpi_id[0x02] lapic_id[0x02] enabled)
[    0.000000] ACPI: LAPIC (acpi_id[0x03] lapic_id[0x04] enabled)
[    0.000000] ACPI: LAPIC (acpi_id[0x04] lapic_id[0x06] enabled)
[    0.000000] ACPI: LAPIC_NMI (acpi_id[0x01] high level lint[0x1])
[    0.000000] ACPI: LAPIC_NMI (acpi_id[0x02] high level lint[0x1])
[    0.000000] ACPI: LAPIC_NMI (acpi_id[0x03] high level lint[0x1])
[    0.000000] ACPI: LAPIC_NMI (acpi_id[0x04] high level lint[0x1])
[    0.000000] ACPI: IOAPIC (id[0x01] address[0xfec00000] gsi_base[0])
[    0.000000] IOAPIC[0]: apic_id 1, version 32, address 0xfec00000, GSI 0-119
[    0.000000] ACPI: INT_SRC_OVR (bus 0 bus_irq 0 global_irq 2 dfl dfl)
[    0.000000] ACPI: INT_SRC_OVR (bus 0 bus_irq 9 global_irq 9 low level)
[    0.000000] ACPI: IRQ0 used by override.
[    0.000000] ACPI: IRQ9 used by override.
[    0.000000] Using ACPI (MADT) for SMP configuration information
[    0.000000] ACPI: HPET id: 0x8086a701 base: 0xfed00000
[    0.000000] smpboot: Allowing 4 CPUs, 0 hotplug CPUs
[    0.000000] PM: Registered nosave memory: [mem 0x0009e000-0x0009efff]
[    0.000000] PM: Registered nosave memory: [mem 0x0009f000-0x0009ffff]
[    0.000000] PM: Registered nosave memory: [mem 0x000a0000-0x000dffff]
[    0.000000] PM: Registered nosave memory: [mem 0x000e0000-0x000fffff]
[    0.000000] PM: Registered nosave memory: [mem 0x10000000-0x12150fff]
[    0.000000] PM: Registered nosave memory: [mem 0x6317d000-0x6317dfff]
[    0.000000] PM: Registered nosave memory: [mem 0x6317e000-0x631a7fff]
[    0.000000] PM: Registered nosave memory: [mem 0x7822f000-0x7aebefff]
[    0.000000] PM: Registered nosave memory: [mem 0x7aebf000-0x7afbefff]
[    0.000000] PM: Registered nosave memory: [mem 0x7afbf000-0x7affefff]
[    0.000000] PM: Registered nosave memory: [mem 0x7b000000-0x7fffffff]
[    0.000000] PM: Registered nosave memory: [mem 0x80000000-0xcfffffff]
[    0.000000] PM: Registered nosave memory: [mem 0xd0000000-0xd0ffffff]
[    0.000000] PM: Registered nosave memory: [mem 0xd1000000-0xd3708fff]
[    0.000000] PM: Registered nosave memory: [mem 0xd3709000-0xd370afff]
[    0.000000] PM: Registered nosave memory: [mem 0xd370b000-0xdfffffff]
[    0.000000] PM: Registered nosave memory: [mem 0xe0000000-0xe3ffffff]
[    0.000000] PM: Registered nosave memory: [mem 0xe4000000-0xfe041fff]
[    0.000000] PM: Registered nosave memory: [mem 0xfe042000-0xfe044fff]
[    0.000000] PM: Registered nosave memory: [mem 0xfe045000-0xfe8fffff]
[    0.000000] PM: Registered nosave memory: [mem 0xfe900000-0xfe902fff]
[    0.000000] PM: Registered nosave memory: [mem 0xfe903000-0xfebfffff]
[    0.000000] PM: Registered nosave memory: [mem 0xfec00000-0xfec00fff]
[    0.000000] PM: Registered nosave memory: [mem 0xfec01000-0xfed00fff]
[    0.000000] PM: Registered nosave memory: [mem 0xfed01000-0xfed01fff]
[    0.000000] PM: Registered nosave memory: [mem 0xfed02000-0xfedfffff]
[    0.000000] PM: Registered nosave memory: [mem 0xfee00000-0xfee00fff]
[    0.000000] PM: Registered nosave memory: [mem 0xfee01000-0xff7fffff]
[    0.000000] PM: Registered nosave memory: [mem 0xff800000-0xffffffff]
[    0.000000] e820: [mem 0x80000000-0xcfffffff] available for PCI devices
[    0.000000] Booting paravirtualized kernel on bare hardware
[    0.000000] setup_percpu: NR_CPUS:5120 nr_cpumask_bits:4 nr_cpu_ids:4 nr_node_ids:1
[    0.000000] PERCPU: Embedded 41 pages/cpu @ffff9619bfc00000 s131072 r8192 d28672 u524288
[    0.000000] pcpu-alloc: s131072 r8192 d28672 u524288 alloc=1*2097152
[    0.000000] pcpu-alloc: [0] 0 1 2 3 
[    0.000000] Built 1 zonelists in Zone order, mobility grouping on.  Total pages: 991929
[    0.000000] Policy zone: Normal
[    0.000000] Kernel command line: BOOT_IMAGE=/vmlinuz-3.10.0-1062.12.1.rt56.1042.el7.x86_64 root=/dev/mapper/centos_test--ipc--wp12--01-root ro crashkernel=auto rd.lvm.lv=centos_test-ipc-wp12-01/root rd.lvm.lv=centos_test-ipc-wp12-01/swap nomodeset LANG=en_US.UTF-8 idle=poll intel_idle.max_cstate=0 processor.max_cstate=1 skew_tick=1 clocksource=tsc skew_tick=1 isolcpus=0 intel_pstate=disable nosoftlockup
[    0.000000] PID hash table entries: 4096 (order: 3, 32768 bytes)
[    0.000000] x86/fpu: xstate_offset[2]: 0000, xstate_sizes[2]: 0000
[    0.000000] x86/fpu: xstate_offset[3]: 03c0, xstate_sizes[3]: 0040
[    0.000000] x86/fpu: xstate_offset[4]: 0400, xstate_sizes[4]: 0040
[    0.000000] xsave: enabled xstate_bv 0x1b, cntxt size 0x440 using standard form
[    0.000000] Memory: 3693296k/6291456k available (7712k kernel code, 2260668k absent, 337492k reserved, 6213k data, 1904k init)
[    0.000000] SLUB: HWalign=64, Order=0-3, MinObjects=0, CPUs=4, Nodes=1
[    0.000000] Preemptible hierarchical RCU implementation.
[    0.000000] 	RCU restricting CPUs from NR_CPUS=5120 to nr_cpu_ids=4.
[    0.000000] 	RCU kthread priority: 2.
[    0.000000] NR_IRQS:327936 nr_irqs:1024 0
[    0.000000] Console: colour VGA+ 80x25
[    0.000000] console [tty0] enabled
[    0.000000] allocated 67108864 bytes of page_cgroup
[    0.000000] please try 'cgroup_disable=memory' option if you don't want memory cgroups
[    0.000000] hpet clockevent registered
[    0.000000] tsc: PIT calibration matches HPET. 1 loops
[    0.000000] tsc: Detected 1593.704 MHz processor
[    0.000122] tsc: Detected 1593.600 MHz TSC
[    0.000124] Calibrating delay loop (skipped), value calculated using timer frequency.. 3187.20 BogoMIPS (lpj=1593600)
[    0.000125] pid_max: default: 32768 minimum: 301
[    0.000169] Security Framework initialized
[    0.000180] SELinux:  Initializing.
[    0.000200] SELinux:  Starting in permissive mode
[    0.000201] Yama: becoming mindful.
[    0.001350] Dentry cache hash table entries: 524288 (order: 11, 8388608 bytes)
[    0.004006] Inode-cache hash table entries: 262144 (order: 9, 2097152 bytes)
[    0.004841] Mount-cache hash table entries: 8192 (order: 4, 65536 bytes)
[    0.004856] Mountpoint-cache hash table entries: 8192 (order: 4, 65536 bytes)
[    0.005189] Initializing cgroup subsys memory
[    0.005197] Initializing cgroup subsys devices
[    0.005199] Initializing cgroup subsys freezer
[    0.005201] Initializing cgroup subsys net_cls
[    0.005202] Initializing cgroup subsys blkio
[    0.005204] Initializing cgroup subsys perf_event
[    0.005206] Initializing cgroup subsys hugetlb
[    0.005207] Initializing cgroup subsys pids
[    0.005208] Initializing cgroup subsys net_prio
[    0.017341] CPU0: Thermal monitoring enabled (TM1)
[    0.017453] Last level iTLB entries: 4KB 0, 2MB 0, 4MB 0
[    0.017453] Last level dTLB entries: 4KB 0, 2MB 0, 4MB 0
[    0.017454] tlb_flushall_shift: 6
[    0.017550] FEATURE SPEC_CTRL Present
[    0.017550] FEATURE IBPB_SUPPORT Present
[    0.017552] Spectre V1 : Mitigation: Load fences, usercopy/swapgs barriers and __user pointer sanitization
[    0.017556] Spectre V2 : Enabling Indirect Branch Prediction Barrier
[    0.017955] Spectre V2 : Mitigation: Full retpoline
[    0.017998] Speculative Store Bypass: Mitigation: Speculative Store Bypass disabled via prctl and seccomp
[    0.022378] Freeing SMP alternatives: 24k freed
[    0.028261] ACPI: Core revision 20130517
[    0.039270] ACPI: All ACPI Tables successfully acquired
[    0.039686] ftrace: allocating 28930 entries in 114 pages
[    0.111270] IRQ remapping doesn't support X2APIC mode, disable x2apic.
[    0.116296] ..TIMER: vector=0x30 apic1=0 pin1=2 apic2=-1 pin2=-1
[    0.126300] smpboot: CPU0: Intel(R) Atom(TM) Processor E3950 @ 1.60GHz (fam: 06, model: 5c, stepping: 0a)
[    0.132755] TSC deadline timer enabled
[    0.132888] Performance Events: PEBS fmt3+, Goldmont events, 32-deep LBR, full-width counters, Intel PMU driver.
[    0.133312] ... version:                4
[    0.133423] ... bit width:              48
[    0.133536] ... generic registers:      4
[    0.133650] ... value mask:             0000ffffffffffff
[    0.133770] ... max period:             00007fffffffffff
[    0.133885] ... fixed-purpose events:   3
[    0.133997] ... event mask:             000000070000000f
[    0.142930] smpboot: Booting Node   0, Processors  #1 #2 #3 OK
[    0.183231] Skipped synchronization checks as TSC is reliable.
[    0.183274] Brought up 4 CPUs
[    0.183504] smpboot: Max logical packages: 1
[    0.183618] smpboot: Total of 4 processors activated (12748.80 BogoMIPS)
[    0.186218] devtmpfs: initialized
[    0.186491] x86/mm: Memory block size: 128MB
[    0.194907] EVM: security.selinux
[    0.195020] EVM: security.ima
[    0.195131] EVM: security.capability
[    0.195446] PM: Registering ACPI NVS region [mem 0x6317d000-0x6317dfff] (4096 bytes)
[    0.195616] PM: Registering ACPI NVS region [mem 0x7aebf000-0x7afbefff] (1048576 bytes)
[    0.198311] atomic64 test passed for x86-64 platform with CX8 and with SSE
[    0.198435] pinctrl core: initialized pinctrl subsystem
[    0.198741] RTC time: 15:17:05, date: 07/13/21
[    0.199085] NET: Registered protocol family 16
[    0.199798] ACPI: bus type PCI registered
[    0.199917] acpiphp: ACPI Hot Plug PCI Controller Driver version: 0.5
[    0.200184] PCI: MMCONFIG for domain 0000 [bus 00-3f] at [mem 0xe0000000-0xe3ffffff] (base 0xe0000000)
[    0.200358] PCI: MMCONFIG at [mem 0xe0000000-0xe3ffffff] reserved in E820
[    0.200483] PCI: Using configuration type 1 for base access
[    0.207468] ACPI: Added _OSI(Module Device)
[    0.207590] ACPI: Added _OSI(Processor Device)
[    0.207702] ACPI: Added _OSI(3.0 _SCP Extensions)
[    0.207840] ACPI: Added _OSI(Processor Aggregator Device)
[    0.207959] ACPI: Added _OSI(Linux-Dell-Video)
[    0.211143] ACPI: EC: Look up EC in DSDT
[    0.214109] ACPI: Executed 4 blocks of module-level executable AML code
[    0.219387] ACPI: Dynamic OEM Table Load:
[    0.219622] ACPI: SSDT ffff9619b62f9a00 00102 (v02  PmRef  Cpu0Cst 00003001 INTL 20130117)
[    0.221040] ACPI: Dynamic OEM Table Load:
[    0.221274] ACPI: SSDT ffff9619b62f9c00 0015F (v02  PmRef    ApIst 00003000 INTL 20130117)
[    0.222403] ACPI: Dynamic OEM Table Load:
[    0.222635] ACPI: SSDT ffff9619b62e8a80 0008D (v02  PmRef    ApCst 00003000 INTL 20130117)
[    0.224643] ACPI: Interpreter enabled
[    0.224800] ACPI: (supports S0 S3 S4 S5)
[    0.224926] ACPI: Using IOAPIC for interrupt routing
[    0.225106] PCI: Using host bridge windows from ACPI; if necessary, use "pci=nocrs" and report a bug
[    0.225455] ACPI: Enabled 10 GPEs in block 00 to 7F
[    0.236456] ACPI: Power Resource [FN00] (on)
[    0.237423] ACPI: PCI Root Bridge [PCI0] (domain 0000 [bus 00-ff])
[    0.237550] acpi PNP0A08:00: _OSC: OS supports [ExtendedConfig ASPM ClockPM Segments MSI]
[    0.238901] acpi PNP0A08:00: _OSC: OS now controls [PCIeHotplug SHPCHotplug PME AER PCIeCapability]
[    0.239111] acpi PNP0A08:00: [Firmware Info]: MMCONFIG for domain 0000 [bus 00-3f] only partially covers this bridge
[    0.240107] PCI host bridge to bus 0000:00
[    0.240227] pci_bus 0000:00: root bus resource [io  0x0070-0x0077]
[    0.240346] pci_bus 0000:00: root bus resource [io  0x0000-0x006f window]
[    0.240464] pci_bus 0000:00: root bus resource [io  0x0078-0x0cf7 window]
[    0.240582] pci_bus 0000:00: root bus resource [io  0x0d00-0xffff window]
[    0.240703] pci_bus 0000:00: root bus resource [mem 0x000a0000-0x000bffff window]
[    0.240873] pci_bus 0000:00: root bus resource [mem 0x000c0000-0x000dffff window]
[    0.241061] pci_bus 0000:00: root bus resource [mem 0x000e0000-0x000fffff window]
[    0.241231] pci_bus 0000:00: root bus resource [mem 0x7c000001-0x7fffffff window]
[    0.241403] pci_bus 0000:00: root bus resource [mem 0x7b800001-0x7bffffff window]
[    0.241573] pci_bus 0000:00: root bus resource [mem 0x80000000-0xcfffffff window]
[    0.241742] pci_bus 0000:00: root bus resource [mem 0xe0000000-0xefffffff window]
[    0.241912] pci_bus 0000:00: root bus resource [bus 00-ff]
[    0.242057] pci 0000:00:00.0: [8086:5af0] type 00 class 0x060000
[    0.242456] pci 0000:00:02.0: [8086:5a84] type 00 class 0x030000
[    0.242478] pci 0000:00:02.0: reg 0x10: [mem 0x90000000-0x90ffffff 64bit]
[    0.242492] pci 0000:00:02.0: reg 0x18: [mem 0x80000000-0x8fffffff 64bit pref]
[    0.242502] pci 0000:00:02.0: reg 0x20: [io  0x4000-0x403f]
[    0.242908] pci 0000:00:0e.0: [8086:5a98] type 00 class 0x040300
[    0.242947] pci 0000:00:0e.0: reg 0x10: [mem 0x91410000-0x91413fff 64bit]
[    0.242993] pci 0000:00:0e.0: reg 0x20: [mem 0x91000000-0x910fffff 64bit]
[    0.243058] pci 0000:00:0e.0: PME# supported from D0 D3hot D3cold
[    0.243361] pci 0000:00:0e.0: System wakeup disabled by ACPI
[    0.243564] pci 0000:00:0f.0: [8086:5a9a] type 00 class 0x078000
[    0.243603] pci 0000:00:0f.0: reg 0x10: [mem 0x91416000-0x91416fff 64bit]
[    0.243736] pci 0000:00:0f.0: PME# supported from D3hot
[    0.244067] pci 0000:00:12.0: [8086:5ae3] type 00 class 0x010601
[    0.244089] pci 0000:00:12.0: reg 0x10: [mem 0x91414000-0x91415fff]
[    0.244101] pci 0000:00:12.0: reg 0x14: [mem 0x91419000-0x914190ff]
[    0.244113] pci 0000:00:12.0: reg 0x18: [io  0x4080-0x4087]
[    0.244125] pci 0000:00:12.0: reg 0x1c: [io  0x4088-0x408b]
[    0.244136] pci 0000:00:12.0: reg 0x20: [io  0x4060-0x407f]
[    0.244148] pci 0000:00:12.0: reg 0x24: [mem 0x91417000-0x914177ff]
[    0.244204] pci 0000:00:12.0: PME# supported from D3hot
[    0.244496] pci 0000:00:13.0: [8086:5ada] type 01 class 0x060400
[    0.244593] pci 0000:00:13.0: PME# supported from D0 D3hot D3cold
[    0.244833] pci 0000:00:13.0: System wakeup disabled by ACPI
[    0.245054] pci 0000:00:13.3: [8086:5adb] type 01 class 0x060400
[    0.245151] pci 0000:00:13.3: PME# supported from D0 D3hot D3cold
[    0.245474] pci 0000:00:14.0: [8086:5ad6] type 01 class 0x060400
[    0.245570] pci 0000:00:14.0: PME# supported from D0 D3hot D3cold
[    0.245805] pci 0000:00:14.0: System wakeup disabled by ACPI
[    0.246054] pci 0000:00:15.0: [8086:5aa8] type 00 class 0x0c0330
[    0.246082] pci 0000:00:15.0: reg 0x10: [mem 0x91400000-0x9140ffff 64bit]
[    0.246167] pci 0000:00:15.0: PME# supported from D3hot D3cold
[    0.246410] pci 0000:00:15.0: System wakeup disabled by ACPI
[    0.246662] pci 0000:00:1f.0: [8086:5ae8] type 00 class 0x060100
[    0.247102] pci 0000:00:1f.1: [8086:5ad4] type 00 class 0x0c0500
[    0.247162] pci 0000:00:1f.1: reg 0x10: [mem 0x91418000-0x914180ff 64bit]
[    0.247245] pci 0000:00:1f.1: reg 0x20: [io  0x4040-0x405f]
[    0.247723] pci 0000:01:00.0: [8086:1533] type 00 class 0x020000
[    0.247760] pci 0000:01:00.0: reg 0x10: [mem 0x91300000-0x9137ffff]
[    0.247792] pci 0000:01:00.0: reg 0x18: [io  0x3000-0x301f]
[    0.247811] pci 0000:01:00.0: reg 0x1c: [mem 0x91380000-0x91383fff]
[    0.247964] pci 0000:01:00.0: PME# supported from D0 D3hot D3cold
[    0.248042] pci 0000:01:00.0: 2.000 Gb/s available PCIe bandwidth, limited by 2.5 GT/s x1 link at 0000:00:13.0 (capable of 7.876 Gb/s with 8 GT/s x1 link)
[    0.248251] pci 0000:01:00.0: System wakeup disabled by ACPI
[    0.248443] pci 0000:00:13.0: PCI bridge to [bus 01]
[    0.248562] pci 0000:00:13.0:   bridge window [io  0x3000-0x3fff]
[    0.248568] pci 0000:00:13.0:   bridge window [mem 0x91300000-0x913fffff]
[    0.248685] pci 0000:02:00.0: [8086:1533] type 00 class 0x020000
[    0.248722] pci 0000:02:00.0: reg 0x10: [mem 0x91200000-0x9127ffff]
[    0.248755] pci 0000:02:00.0: reg 0x18: [io  0x2000-0x201f]
[    0.248773] pci 0000:02:00.0: reg 0x1c: [mem 0x91280000-0x91283fff]
[    0.248925] pci 0000:02:00.0: PME# supported from D0 D3hot D3cold
[    0.248986] pci 0000:02:00.0: 2.000 Gb/s available PCIe bandwidth, limited by 2.5 GT/s x1 link at 0000:00:13.3 (capable of 7.876 Gb/s with 8 GT/s x1 link)
[    0.249205] pci 0000:02:00.0: System wakeup disabled by ACPI
[    0.249399] pci 0000:00:13.3: PCI bridge to [bus 02]
[    0.249517] pci 0000:00:13.3:   bridge window [io  0x2000-0x2fff]
[    0.249523] pci 0000:00:13.3:   bridge window [mem 0x91200000-0x912fffff]
[    0.249642] pci 0000:03:00.0: [8086:1533] type 00 class 0x020000
[    0.249678] pci 0000:03:00.0: reg 0x10: [mem 0x91100000-0x9117ffff]
[    0.249710] pci 0000:03:00.0: reg 0x18: [io  0x1000-0x101f]
[    0.249728] pci 0000:03:00.0: reg 0x1c: [mem 0x91180000-0x91183fff]
[    0.249881] pci 0000:03:00.0: PME# supported from D0 D3hot D3cold
[    0.249941] pci 0000:03:00.0: 2.000 Gb/s available PCIe bandwidth, limited by 2.5 GT/s x1 link at 0000:00:14.0 (capable of 7.876 Gb/s with 8 GT/s x1 link)
[    0.250165] pci 0000:03:00.0: System wakeup disabled by ACPI
[    0.250360] pci 0000:00:14.0: PCI bridge to [bus 03]
[    0.250477] pci 0000:00:14.0:   bridge window [io  0x1000-0x1fff]
[    0.250483] pci 0000:00:14.0:   bridge window [mem 0x91100000-0x911fffff]
[    0.251649] ACPI: PCI Interrupt Link [LNKA] (IRQs 3 4 5 6 10 11 12 14 *15), disabled.
[    0.252599] ACPI: PCI Interrupt Link [LNKB] (IRQs 3 4 5 6 10 11 12 14 *15), disabled.
[    0.253545] ACPI: PCI Interrupt Link [LNKC] (IRQs 3 4 5 6 10 11 12 14 *15), disabled.
[    0.254502] ACPI: PCI Interrupt Link [LNKD] (IRQs 3 4 5 6 10 11 12 14 *15), disabled.
[    0.255456] ACPI: PCI Interrupt Link [LNKE] (IRQs 3 4 5 6 10 11 12 14 *15), disabled.
[    0.256403] ACPI: PCI Interrupt Link [LNKF] (IRQs 3 4 5 6 10 11 12 14 *15), disabled.
[    0.257364] ACPI: PCI Interrupt Link [LNKG] (IRQs 3 4 5 6 10 11 12 14 *15), disabled.
[    0.258315] ACPI: PCI Interrupt Link [LNKH] (IRQs 3 4 5 6 10 11 12 14 *15), disabled.
[    0.259815] vgaarb: device added: PCI:0000:00:02.0,decodes=io+mem,owns=io+mem,locks=none
[    0.259990] vgaarb: loaded
[    0.260124] vgaarb: bridge control possible 0000:00:02.0
[    0.260417] SCSI subsystem initialized
[    0.260602] ACPI: bus type USB registered
[    0.260749] usbcore: registered new interface driver usbfs
[    0.260886] usbcore: registered new interface driver hub
[    0.261045] usbcore: registered new device driver usb
[    0.261356] EDAC MC: Ver: 3.0.0
[    0.261716] PCI: Using ACPI for IRQ routing
[    0.268642] PCI: pci_cache_line_size set to 64 bytes
[    0.268736] e820: reserve RAM buffer [mem 0x0009e800-0x0009ffff]
[    0.268740] e820: reserve RAM buffer [mem 0x6317d000-0x63ffffff]
[    0.268744] e820: reserve RAM buffer [mem 0x7822f000-0x7bffffff]
[    0.268747] e820: reserve RAM buffer [mem 0x7b000000-0x7bffffff]
[    0.269012] NetLabel: Initializing
[    0.269129] NetLabel:  domain hash size = 128
[    0.269257] NetLabel:  protocols = UNLABELED CIPSOv4
[    0.269402] NetLabel:  unlabeled traffic allowed by default
[    0.269761] hpet0: at MMIO 0xfed00000, IRQs 2, 8, 0, 0, 0, 0, 0, 0
[    0.270398] hpet0: 8 comparators, 64-bit 19.200000 MHz counter
[    0.272577] amd_nb: Cannot enumerate AMD northbridges
[    0.272732] Switched to clocksource hpet
[    0.286396] pnp: PnP ACPI init
[    0.286545] ACPI: bus type PNP registered
[    0.286800] system 00:00: [io  0x0680-0x069f] has been reserved
[    0.286964] system 00:00: [io  0x0400-0x047f] could not be reserved
[    0.287091] system 00:00: [io  0x0500-0x05fe] has been reserved
[    0.287222] system 00:00: Plug and Play ACPI device, IDs PNP0c02 (active)
[    0.287762] pnp 00:01: Plug and Play ACPI device, IDs PNP0501 (active)
[    0.288225] pnp 00:02: Plug and Play ACPI device, IDs PNP0501 (active)
[    0.288654] pnp 00:03: Plug and Play ACPI device, IDs PNP0501 (active)
[    0.289125] pnp 00:04: Plug and Play ACPI device, IDs PNP0501 (active)
[    0.289553] pnp 00:05: Plug and Play ACPI device, IDs PNP0501 (active)
[    0.289652] pnp 00:06: Plug and Play ACPI device, IDs PNP0f03 PNP0f13 (active)
[    0.289886] system 00:07: [mem 0xe0000000-0xefffffff] could not be reserved
[    0.290017] system 00:07: [mem 0xfea00000-0xfeafffff] has been reserved
[    0.290143] system 00:07: [mem 0xfed01000-0xfed01fff] has been reserved
[    0.290261] system 00:07: [mem 0xfed03000-0xfed03fff] has been reserved
[    0.290378] system 00:07: [mem 0xfed06000-0xfed06fff] has been reserved
[    0.290498] system 00:07: [mem 0xfed08000-0xfed09fff] has been reserved
[    0.290618] system 00:07: [mem 0xfed80000-0xfedbffff] has been reserved
[    0.292104] system 00:07: [mem 0xfed1c000-0xfed1cfff] has been reserved
[    0.292230] system 00:07: [mem 0xfee00000-0xfeefffff] could not be reserved
[    0.292354] system 00:07: Plug and Play ACPI device, IDs PNP0c02 (active)
[    0.292731] pnp 00:08: Plug and Play ACPI device, IDs PNP0b00 (active)
[    0.292958] pnp: PnP ACPI: found 9 devices
[    0.293086] ACPI: bus type PNP unregistered
[    0.302924] pci 0000:00:13.0: PCI bridge to [bus 01]
[    0.303047] pci 0000:00:13.0:   bridge window [io  0x3000-0x3fff]
[    0.303167] pci 0000:00:13.0:   bridge window [mem 0x91300000-0x913fffff]
[    0.303291] pci 0000:00:13.3: PCI bridge to [bus 02]
[    0.303408] pci 0000:00:13.3:   bridge window [io  0x2000-0x2fff]
[    0.303528] pci 0000:00:13.3:   bridge window [mem 0x91200000-0x912fffff]
[    0.303652] pci 0000:00:14.0: PCI bridge to [bus 03]
[    0.303774] pci 0000:00:14.0:   bridge window [io  0x1000-0x1fff]
[    0.303925] pci 0000:00:14.0:   bridge window [mem 0x91100000-0x911fffff]
[    0.304054] pci_bus 0000:00: resource 4 [io  0x0070-0x0077]
[    0.304058] pci_bus 0000:00: resource 5 [io  0x0000-0x006f window]
[    0.304062] pci_bus 0000:00: resource 6 [io  0x0078-0x0cf7 window]
[    0.304066] pci_bus 0000:00: resource 7 [io  0x0d00-0xffff window]
[    0.304069] pci_bus 0000:00: resource 8 [mem 0x000a0000-0x000bffff window]
[    0.304073] pci_bus 0000:00: resource 9 [mem 0x000c0000-0x000dffff window]
[    0.304077] pci_bus 0000:00: resource 10 [mem 0x000e0000-0x000fffff window]
[    0.304081] pci_bus 0000:00: resource 11 [mem 0x7c000001-0x7fffffff window]
[    0.304085] pci_bus 0000:00: resource 12 [mem 0x7b800001-0x7bffffff window]
[    0.304088] pci_bus 0000:00: resource 13 [mem 0x80000000-0xcfffffff window]
[    0.304092] pci_bus 0000:00: resource 14 [mem 0xe0000000-0xefffffff window]
[    0.304096] pci_bus 0000:01: resource 0 [io  0x3000-0x3fff]
[    0.304100] pci_bus 0000:01: resource 1 [mem 0x91300000-0x913fffff]
[    0.304104] pci_bus 0000:02: resource 0 [io  0x2000-0x2fff]
[    0.304108] pci_bus 0000:02: resource 1 [mem 0x91200000-0x912fffff]
[    0.304112] pci_bus 0000:03: resource 0 [io  0x1000-0x1fff]
[    0.304115] pci_bus 0000:03: resource 1 [mem 0x91100000-0x911fffff]
[    0.304176] NET: Registered protocol family 2
[    0.304708] TCP established hash table entries: 32768 (order: 6, 262144 bytes)
[    0.305261] TCP bind hash table entries: 32768 (order: 8, 1835008 bytes)
[    0.305933] TCP: Hash tables configured (established 32768 bind 32768)
[    0.306131] TCP: reno registered
[    0.306289] UDP hash table entries: 2048 (order: 6, 262144 bytes)
[    0.306509] UDP-Lite hash table entries: 2048 (order: 6, 262144 bytes)
[    0.306843] NET: Registered protocol family 1
[    0.307053] pci 0000:00:02.0: Boot video device
[    0.308758] PCI: CLS 64 bytes, default 64
[    0.308905] Unpacking initramfs...
[    0.866030] Freeing initrd memory: 19412k freed
[    0.873508] PCI-DMA: Using software bounce buffering for IO (SWIOTLB)
[    0.873639] software IO TLB [mem 0x7422f000-0x7822f000] (64MB) mapped at [ffff9618b422f000-ffff9618b822efff]
[    0.874076] RAPL PMU: API unit is 2^-32 Joules, 4 fixed counters, 655360 ms ovfl timer
[    0.874255] RAPL PMU: hw unit of domain pp0-core 2^-14 Joules
[    0.874369] RAPL PMU: hw unit of domain package 2^-14 Joules
[    0.874484] RAPL PMU: hw unit of domain dram 2^-14 Joules
[    0.874598] RAPL PMU: hw unit of domain pp1-gpu 2^-14 Joules
[    0.874793] Switched to clocksource tsc
[    0.875878] sha1_ssse3: Using SHA-NI optimized SHA-1 implementation
[    0.876074] sha256_ssse3: Using SHA-256-NI optimized SHA-256 implementation
[    0.876771] futex hash table entries: 1024 (order: 5, 131072 bytes)
[    0.876956] Initialise system trusted keyring
[    0.877111] audit: initializing netlink socket (disabled)
[    0.877245] type=2000 audit(1626189424.834:1): initialized
[    0.911876] HugeTLB registered 1 GB page size, pre-allocated 0 pages
[    0.912000] HugeTLB registered 2 MB page size, pre-allocated 0 pages
[    0.912221] KSM thread running on realtime kernel. This may introduce latency spikes...
[    0.915165] zpool: loaded
[    0.915281] zbud: loaded
[    0.915914] VFS: Disk quotas dquot_6.5.2
[    0.916092] Dquot-cache hash table entries: 512 (order 0, 4096 bytes)
[    0.916566] msgmni has been set to 7251
[    0.916787] Key type big_key registered
[    0.916929] SELinux:  Registering netfilter hooks
[    0.918220] NET: Registered protocol family 38
[    0.918349] Key type asymmetric registered
[    0.918466] Asymmetric key parser 'x509' registered
[    0.918668] Block layer SCSI generic (bsg) driver version 0.4 loaded (major 249)
[    0.918927] io scheduler noop registered
[    0.919045] io scheduler deadline registered (default)
[    0.919171] io scheduler cfq registered
[    0.919289] io scheduler mq-deadline registered
[    0.919403] io scheduler kyber registered
[    0.920014] pcieport 0000:00:13.0: irq 120 for MSI/MSI-X
[    0.920305] pcieport 0000:00:13.3: irq 121 for MSI/MSI-X
[    0.920578] pcieport 0000:00:14.0: irq 122 for MSI/MSI-X
[    0.920793] pcieport 0000:00:13.0: Signaling PME through PCIe PME interrupt
[    0.920934] pci 0000:01:00.0: Signaling PME through PCIe PME interrupt
[    0.921057] pcie_pme 0000:00:13.0:pcie001: service driver pcie_pme loaded
[    0.921127] pcieport 0000:00:13.3: Signaling PME through PCIe PME interrupt
[    0.921247] pci 0000:02:00.0: Signaling PME through PCIe PME interrupt
[    0.921369] pcie_pme 0000:00:13.3:pcie001: service driver pcie_pme loaded
[    0.921443] pcieport 0000:00:14.0: Signaling PME through PCIe PME interrupt
[    0.921562] pci 0000:03:00.0: Signaling PME through PCIe PME interrupt
[    0.921685] pcie_pme 0000:00:14.0:pcie001: service driver pcie_pme loaded
[    0.921720] pci_hotplug: PCI Hot Plug PCI Core version: 0.5
[    0.921873] pciehp: PCI Express Hot Plug Controller Driver version: 0.4
[    0.922016] shpchp: Standard Hot Plug PCI Controller Driver version: 0.4
[    0.922448] input: Power Button as /devices/LNXSYSTM:00/device:00/PNP0C0C:00/input/input0
[    0.922624] ACPI: Power Button [PWR2]
[    0.922889] ACPI: Requesting acpi_cpufreq
[    0.926402] thermal LNXTHERM:00: registered as thermal_zone0
[    0.926527] ACPI: Thermal Zone [TZ01] (31 C)
[    0.926718] GHES: HEST is not enabled!
[    0.926956] Serial: 8250/16550 driver, 4 ports, IRQ sharing enabled
[    0.947934] 00:01: ttyS0 at I/O 0x3f8 (irq = 4) is a 16550A
[    0.968952] 00:02: ttyS1 at I/O 0x2f8 (irq = 3) is a 16550A
[    0.989955] 00:03: ttyS2 at I/O 0x3e8 (irq = 11) is a 16550A
[    1.010955] 00:04: ttyS3 at I/O 0x2e8 (irq = 10) is a 16550A
[    1.011324] serial 00:05: disabled
[    1.011997] Non-volatile memory driver v1.3
[    1.012193] Linux agpgart interface v0.103
[    1.012497] crash memory driver: version 1.1
[    1.012767] rdac: device handler registered
[    1.012958] hp_sw: device handler registered
[    1.013074] emc: device handler registered
[    1.013264] alua: device handler registered
[    1.013465] libphy: Fixed MDIO Bus: probed
[    1.013662] ehci_hcd: USB 2.0 'Enhanced' Host Controller (EHCI) Driver
[    1.013789] ehci-pci: EHCI PCI platform driver
[    1.013927] ohci_hcd: USB 1.1 'Open' Host Controller (OHCI) Driver
[    1.014051] ohci-pci: OHCI PCI platform driver
[    1.014208] uhci_hcd: USB Universal Host Controller Interface driver
[    1.014633] xhci_hcd 0000:00:15.0: xHCI Host Controller
[    1.014834] xhci_hcd 0000:00:15.0: new USB bus registered, assigned bus number 1
[    1.016140] xhci_hcd 0000:00:15.0: hcc params 0x200077c1 hci version 0x100 quirks 0x0000000081109810
[    1.016322] xhci_hcd 0000:00:15.0: cache line size of 64 is not supported
[    1.016358] xhci_hcd 0000:00:15.0: irq 123 for MSI/MSI-X
[    1.016708] usb usb1: New USB device found, idVendor=1d6b, idProduct=0002, bcdDevice= 3.10
[    1.016878] usb usb1: New USB device strings: Mfr=3, Product=2, SerialNumber=1
[    1.017048] usb usb1: Product: xHCI Host Controller
[    1.017183] usb usb1: Manufacturer: Linux 3.10.0-1062.12.1.rt56.1042.el7.x86_64 xhci-hcd
[    1.017355] usb usb1: SerialNumber: 0000:00:15.0
[    1.017703] hub 1-0:1.0: USB hub found
[    1.017841] hub 1-0:1.0: 8 ports detected
[    1.019136] xhci_hcd 0000:00:15.0: xHCI Host Controller
[    1.019330] xhci_hcd 0000:00:15.0: new USB bus registered, assigned bus number 2
[    1.019505] xhci_hcd 0000:00:15.0: Host supports USB 3.0  SuperSpeed
[    1.019708] usb usb2: New USB device found, idVendor=1d6b, idProduct=0003, bcdDevice= 3.10
[    1.019880] usb usb2: New USB device strings: Mfr=3, Product=2, SerialNumber=1
[    1.020050] usb usb2: Product: xHCI Host Controller
[    1.020190] usb usb2: Manufacturer: Linux 3.10.0-1062.12.1.rt56.1042.el7.x86_64 xhci-hcd
[    1.020361] usb usb2: SerialNumber: 0000:00:15.0
[    1.020686] hub 2-0:1.0: USB hub found
[    1.020820] hub 2-0:1.0: 7 ports detected
[    1.021930] usbcore: registered new interface driver usbserial_generic
[    1.022061] usbserial: USB Serial support registered for generic
[    1.022291] i8042: PNP: PS/2 Controller [PNP0f03:PS2M] at 0x60,0x64 irq 12
[    1.022414] i8042: PNP: PS/2 controller doesn't have KBD irq; using default 1
[    1.023502] serio: i8042 KBD port at 0x60,0x64 irq 1
[    1.023677] serio: i8042 AUX port at 0x60,0x64 irq 12
[    1.023939] mousedev: PS/2 mouse device common for all mice
[    1.024341] rtc_cmos 00:08: RTC can wake from S4
[    1.024891] rtc_cmos 00:08: rtc core: registered rtc_cmos as rtc0
[    1.025165] rtc_cmos 00:08: alarms up to one month, y3k, 242 bytes nvram, hpet irqs
[    1.025437] cpuidle: using governor menu
[    1.026053] hidraw: raw HID events driver (C) Jiri Kosina
[    1.026449] usbcore: registered new interface driver usbhid
[    1.026566] usbhid: USB HID core driver
[    1.026816] drop_monitor: Initializing network drop monitor service
[    1.027059] TCP: cubic registered
[    1.027206] Initializing XFRM netlink socket
[    1.027566] NET: Registered protocol family 10
[    1.028030] NET: Registered protocol family 17
[    1.028175] mpls_gso: MPLS GSO support
[    1.028719] intel_rdt: Intel RDT L2 allocation detected
[    1.028839] mce: Using 7 MCE banks
[    1.029046] microcode: sig=0x506ca, pf=0x2, revision=0x1a
[    1.029178] microcode: Microcode Update Driver: v2.01 <tigran@aivazian.fsnet.co.uk>, Peter Oruba
[    1.029712] PM: Hibernation image not present or could not be loaded.
[    1.029719] Loading compiled-in X.509 certificates
[    1.030877] Loaded X.509 cert 'Red Hat Enterprise Linux Driver Update Program (key 3): bf57f3e87362bc7229d9f465321773dfd1f77a80'
[    1.032066] Loaded X.509 cert 'Red Hat Enterprise Linux kpatch signing key: 4d38fd864ebe18c5f0b72e3852e2014c3a676fc8'
[    1.033879] Loaded X.509 cert 'Magrathea: Glacier signing key: 38d54d858d7876361df4d66f3a4427cd3f702b9e'
[    1.034091] registered taskstats version 1
[    1.038830] Key type trusted registered
[    1.043368] Key type encrypted registered
[    1.043519] IMA: No TPM chip found, activating TPM-bypass! (rc=-19)
[    1.044044]   Magic number: 13:293:285
[    1.044387] rtc_cmos 00:08: setting system clock to 2021-07-13 15:17:05 UTC (1626189425)
[    1.046652] Freeing unused kernel memory: 1904k freed
[    1.047443] Write protecting the kernel read-only data: 12288k
[    1.050147] Freeing unused kernel memory: 468k freed
[    1.053269] Freeing unused kernel memory: 600k freed
[    1.061103] random: systemd: uninitialized urandom read (16 bytes read)
[    1.061977] random: systemd: uninitialized urandom read (16 bytes read)
[    1.062128] random: systemd: uninitialized urandom read (16 bytes read)
[    1.065289] systemd[1]: systemd 219 running in system mode. (+PAM +AUDIT +SELINUX +IMA -APPARMOR +SMACK +SYSVINIT +UTMP +LIBCRYPTSETUP +GCRYPT +GNUTLS +ACL +XZ +LZ4 -SECCOMP +BLKID +ELFUTILS +KMOD +IDN)
[    1.065962] systemd[1]: Detected architecture x86-64.
[    1.066082] systemd[1]: Running in initial RAM disk.
[    1.066909] systemd[1]: Set hostname to <localhost.localdomain>.
[    1.138579] random: systemd: uninitialized urandom read (16 bytes read)
[    1.138749] random: systemd: uninitialized urandom read (16 bytes read)
[    1.138937] random: systemd: uninitialized urandom read (16 bytes read)
[    1.140586] random: systemd: uninitialized urandom read (16 bytes read)
[    1.140956] random: systemd: uninitialized urandom read (16 bytes read)
[    1.141936] random: systemd: uninitialized urandom read (16 bytes read)
[    1.142342] random: systemd: uninitialized urandom read (16 bytes read)
[    1.151883] systemd[1]: Created slice Root Slice.
[    1.152747] systemd[1]: Listening on udev Control Socket.
[    1.153400] systemd[1]: Listening on udev Kernel Socket.
[    1.154121] systemd[1]: Listening on Journal Socket.
[    1.154812] systemd[1]: Started Dispatch Password Requests to Console Directory Watch.
[    1.155483] systemd[1]: Reached target Paths.
[    1.156101] systemd[1]: Reached target Sockets.
[    1.156680] systemd[1]: Reached target Swap.
[    1.157471] systemd[1]: Created slice System Slice.
[    1.159503] systemd[1]: Starting Create list of required static device nodes for the current kernel...
[    1.161530] systemd[1]: Starting Journal Service...
[    1.163806] systemd[1]: Starting Apply Kernel Variables...
[    1.166165] systemd[1]: Starting dracut cmdline hook...
[    1.166717] systemd[1]: Reached target Local File Systems.
[    1.167378] systemd[1]: Reached target Timers.
[    1.168068] systemd[1]: Reached target Slices.
[    1.170100] systemd[1]: Started Create list of required static device nodes for the current kernel.
[    1.171770] systemd[1]: Started Apply Kernel Variables.
[    1.174620] systemd[1]: Starting Create Static Device Nodes in /dev...
[    1.183401] systemd[1]: Started Create Static Device Nodes in /dev.
[    1.208322] systemd[1]: Started Journal Service.
[    1.339153] usb 1-2: new low-speed USB device number 2 using xhci_hcd
[    1.473398] usb 1-2: New USB device found, idVendor=046a, idProduct=b090, bcdDevice= 1.03
[    1.473579] usb 1-2: New USB device strings: Mfr=1, Product=2, SerialNumber=0
[    1.473697] usb 1-2: Product: USB keyboard
[    1.473813] usb 1-2: Manufacturer: Cherry
[    1.474503] device-mapper: uevent: version 1.0.3
[    1.474996] device-mapper: ioctl: 4.37.1-ioctl (2018-04-03) initialised: dm-devel@redhat.com
[    1.479001] input: Cherry USB keyboard as /devices/pci0000:00/0000:00:15.0/usb1/1-2/1-2:1.0/input/input1
[    1.531487] hid-generic 0003:046A:B090.0001: input,hidraw0: USB HID v1.11 Keyboard [Cherry USB keyboard] on usb-0000:00:15.0-2/input0
[    1.538613] input: Cherry USB keyboard as /devices/pci0000:00/0000:00:15.0/usb1/1-2/1-2:1.1/input/input2
[    1.598025] hid-generic 0003:046A:B090.0002: input,hiddev0,hidraw1: USB HID v1.11 Device [Cherry USB keyboard] on usb-0000:00:15.0-2/input1
[    1.840304] dca service started, version 1.12.1
[    1.878576] pps_core: LinuxPPS API ver. 1 registered
[    1.878700] pps_core: Software ver. 5.3.6 - Copyright 2005-2007 Rodolfo Giometti <giometti@linux.it>
[    1.879549] libata version 3.00 loaded.
[    1.896825] PTP clock support registered
[    1.981315] igb: Intel(R) Gigabit Ethernet Network Driver - version 5.6.0-k
[    1.981443] igb: Copyright (c) 2007-2014 Intel Corporation.
[    1.987838] igb 0000:01:00.0: irq 124 for MSI/MSI-X
[    1.987851] igb 0000:01:00.0: irq 125 for MSI/MSI-X
[    1.987860] igb 0000:01:00.0: irq 126 for MSI/MSI-X
[    1.987867] igb 0000:01:00.0: irq 127 for MSI/MSI-X
[    1.987876] igb 0000:01:00.0: irq 128 for MSI/MSI-X
[    1.995956] ahci 0000:00:12.0: version 3.0
[    1.996284] ahci 0000:00:12.0: irq 129 for MSI/MSI-X
[    2.008031] ahci 0000:00:12.0: AHCI 0001.0301 32 slots 2 ports 3 Gbps 0x3 impl SATA mode
[    2.008213] ahci 0000:00:12.0: flags: 64bit ncq sntf clo only pmp pio slum part deso sadm sds apst 
[    2.052318] scsi host0: ahci
[    2.064918] scsi host1: ahci
[    2.072334] pps pps0: new PPS source ptp0
[    2.072461] igb 0000:01:00.0: added PHC on eth0
[    2.072578] igb 0000:01:00.0: Intel(R) Gigabit Ethernet Network Connection
[    2.072698] igb 0000:01:00.0: eth0: (PCIe:2.5Gb/s:Width x1) 78:d0:04:2a:9d:6e
[    2.072856] igb 0000:01:00.0: eth0: PBA No: 001300-000
[    2.072973] igb 0000:01:00.0: Using MSI-X interrupts. 4 rx queue(s), 4 tx queue(s)
[    2.074219] igb 0000:02:00.0: irq 130 for MSI/MSI-X
[    2.074233] igb 0000:02:00.0: irq 131 for MSI/MSI-X
[    2.074240] igb 0000:02:00.0: irq 132 for MSI/MSI-X
[    2.074248] igb 0000:02:00.0: irq 133 for MSI/MSI-X
[    2.074255] igb 0000:02:00.0: irq 134 for MSI/MSI-X
[    2.078039] ata1: SATA max UDMA/133 abar m2048@0x91417000 port 0x91417100 irq 129
[    2.078222] ata2: SATA max UDMA/133 abar m2048@0x91417000 port 0x91417180 irq 129
[    2.138970] pps pps1: new PPS source ptp1
[    2.139154] igb 0000:02:00.0: added PHC on eth1
[    2.139392] igb 0000:02:00.0: Intel(R) Gigabit Ethernet Network Connection
[    2.139531] igb 0000:02:00.0: eth1: (PCIe:2.5Gb/s:Width x1) 78:d0:04:2a:9d:6f
[    2.139692] igb 0000:02:00.0: eth1: PBA No: 001300-000
[    2.139810] igb 0000:02:00.0: Using MSI-X interrupts. 4 rx queue(s), 4 tx queue(s)
[    2.140898] igb 0000:03:00.0: irq 135 for MSI/MSI-X
[    2.140915] igb 0000:03:00.0: irq 136 for MSI/MSI-X
[    2.140923] igb 0000:03:00.0: irq 137 for MSI/MSI-X
[    2.140931] igb 0000:03:00.0: irq 138 for MSI/MSI-X
[    2.140939] igb 0000:03:00.0: irq 139 for MSI/MSI-X
[    2.194639] pps pps2: new PPS source ptp2
[    2.194772] igb 0000:03:00.0: added PHC on eth2
[    2.194891] igb 0000:03:00.0: Intel(R) Gigabit Ethernet Network Connection
[    2.195060] igb 0000:03:00.0: eth2: (PCIe:2.5Gb/s:Width x1) 78:d0:04:29:73:7f
[    2.195222] igb 0000:03:00.0: eth2: PBA No: 001300-000
[    2.195340] igb 0000:03:00.0: Using MSI-X interrupts. 4 rx queue(s), 4 tx queue(s)
[    2.393763] ata2: SATA link down (SStatus 4 SControl 300)
[    2.560741] ata1: SATA link up 3.0 Gbps (SStatus 123 SControl 300)
[    2.561019] ata1.00: ATA-8: mSATA mini 3ME3, S17411, max UDMA/133
[    2.561138] ata1.00: 125045424 sectors, multi 1: LBA48 NCQ (depth 31/32), AA
[    2.561422] ata1.00: configured for UDMA/133
[    2.561710] scsi 0:0:0:0: Direct-Access     ATA      mSATA mini 3ME3  11   PQ: 0 ANSI: 5
[    2.598867] sd 0:0:0:0: [sda] 125045424 512-byte logical blocks: (64.0 GB/59.6 GiB)
[    2.599001] sd 0:0:0:0: [sda] Write Protect is off
[    2.599004] sd 0:0:0:0: [sda] Mode Sense: 00 3a 00 00
[    2.599046] sd 0:0:0:0: [sda] Write cache: enabled, read cache: enabled, doesn't support DPO or FUA
[    2.599674]  sda: sda1 sda2
[    2.600986] sd 0:0:0:0: [sda] Attached SCSI disk
[    2.945037] random: fast init done
[    3.096298] SGI XFS with ACLs, security attributes, no debug enabled
[    3.102368] XFS (dm-0): Mounting V5 Filesystem
[    3.166302] XFS (dm-0): Ending clean mount
[    3.551659] systemd-journald[128]: Received SIGTERM from PID 1 (systemd).
[    3.694188] SELinux: 2048 avtab hash slots, 112856 rules.
[    3.886439] SELinux: 2048 avtab hash slots, 112856 rules.
[    3.973747] SELinux:  8 users, 14 roles, 5052 types, 316 bools, 1 sens, 1024 cats
[    3.973756] SELinux:  130 classes, 112856 rules
[    3.982066] SELinux:  Completing initialization.
[    3.982074] SELinux:  Setting up existing superblocks.
[    3.997797] type=1403 audit(1626189428.452:2): policy loaded auid=4294967295 ses=4294967295
[    4.013389] systemd[1]: Successfully loaded SELinux policy in 363.208ms.
[    4.036125] systemd[1]: RTC configured in localtime, applying delta of 120 minutes to system time.
[    4.070271] ip_tables: (C) 2000-2006 Netfilter Core Team
[    4.070451] systemd[1]: Inserted module 'ip_tables'
[    4.146860] systemd[1]: Relabelled /dev, /run and /sys/fs/cgroup in 65.681ms.
[    4.637926] systemd-journald[505]: Received request to flush runtime journal from PID 1
[    5.127777] input: PC Speaker as /devices/platform/pcspkr/input/input3
[    5.201066] i801_smbus 0000:00:1f.1: SMBus using PCI interrupt
[    5.247091] lpc_ich 0000:00:1f.0: I/O space for ACPI uninitialized
[    5.247221] lpc_ich 0000:00:1f.0: No MFD cells added
[    5.286530] mei_me 0000:00:0f.0: irq 140 for MSI/MSI-X
[    5.608076] sd 0:0:0:0: Attached scsi generic sg0 type 0
[    5.801077] cryptd: max_cpu_qlen set to 1000
[    5.909783] SSE version of gcm_enc/dec engaged.
[    5.986912] alg: No test for __gcm-aes-aesni (__driver-gcm-aes-aesni)
[    5.987142] alg: No test for __generic-gcm-aes-aesni (__driver-generic-gcm-aes-aesni)
[    6.072685] intel_rapl: Found RAPL domain package
[    6.072832] intel_rapl: Found RAPL domain core
[    6.073011] intel_rapl: Found RAPL domain uncore
[    6.073129] intel_rapl: Found RAPL domain dram
[    6.200709] EDAC pnd2: b_cr_tolud_pci=080000001 ret=0
[    6.200757] EDAC pnd2: b_cr_touud_lo_pci=080000000 ret=0
[    6.200800] EDAC pnd2: b_cr_touud_hi_pci=000000001 ret=0
[    6.200844] EDAC pnd2: b_cr_asym_mem_region0_mchbar=000000000 ret=0
[    6.201344] EDAC pnd2: b_cr_asym_mem_region1_mchbar=000000000 ret=0
[    6.201389] EDAC pnd2: b_cr_mot_out_base_mchbar=000000000 ret=0
[    6.201432] EDAC pnd2: b_cr_mot_out_mask_mchbar=000000000 ret=0
[    6.201515] EDAC pnd2: b_cr_slice_channel_hash=80000d8480000249 ret=0
[    6.201558] EDAC pnd2: b_cr_asym_2way_mem_region_mchbar=000000000 ret=0
[    6.201601] EDAC pnd2: d_cr_drp0=0c000c005 ret=0
[    6.201644] EDAC pnd2: d_cr_drp0=000000000 ret=2
[    6.201687] EDAC pnd2: d_cr_drp0=000000000 ret=2
[    6.201730] EDAC pnd2: d_cr_drp0=000000000 ret=2
[    6.201733] EDAC pnd2: ECC disabled on channel 0
[    6.202445] EDAC pnd2: Failed to register device with error -22.
[    6.207415] EDAC pnd2: b_cr_tolud_pci=080000001 ret=0
[    6.207463] EDAC pnd2: b_cr_touud_lo_pci=080000000 ret=0
[    6.207507] EDAC pnd2: b_cr_touud_hi_pci=000000001 ret=0
[    6.207550] EDAC pnd2: b_cr_asym_mem_region0_mchbar=000000000 ret=0
[    6.207593] EDAC pnd2: b_cr_asym_mem_region1_mchbar=000000000 ret=0
[    6.207636] EDAC pnd2: b_cr_mot_out_base_mchbar=000000000 ret=0
[    6.207679] EDAC pnd2: b_cr_mot_out_mask_mchbar=000000000 ret=0
[    6.207763] EDAC pnd2: b_cr_slice_channel_hash=80000d8480000249 ret=0
[    6.207806] EDAC pnd2: b_cr_asym_2way_mem_region_mchbar=000000000 ret=0
[    6.208456] EDAC pnd2: d_cr_drp0=0c000c005 ret=0
[    6.208502] EDAC pnd2: d_cr_drp0=000000000 ret=2
[    6.208545] EDAC pnd2: d_cr_drp0=000000000 ret=2
[    6.208587] EDAC pnd2: d_cr_drp0=000000000 ret=2
[    6.208590] EDAC pnd2: ECC disabled on channel 0
[    6.208711] EDAC pnd2: Failed to register device with error -22.
[    6.214670] EDAC pnd2: b_cr_tolud_pci=080000001 ret=0
[    6.214718] EDAC pnd2: b_cr_touud_lo_pci=080000000 ret=0
[    6.214761] EDAC pnd2: b_cr_touud_hi_pci=000000001 ret=0
[    6.214805] EDAC pnd2: b_cr_asym_mem_region0_mchbar=000000000 ret=0
[    6.214849] EDAC pnd2: b_cr_asym_mem_region1_mchbar=000000000 ret=0
[    6.214892] EDAC pnd2: b_cr_mot_out_base_mchbar=000000000 ret=0
[    6.214935] EDAC pnd2: b_cr_mot_out_mask_mchbar=000000000 ret=0
[    6.218078] EDAC pnd2: b_cr_slice_channel_hash=80000d8480000249 ret=0
[    6.218129] EDAC pnd2: b_cr_asym_2way_mem_region_mchbar=000000000 ret=0
[    6.218172] EDAC pnd2: d_cr_drp0=0c000c005 ret=0
[    6.218216] EDAC pnd2: d_cr_drp0=000000000 ret=2
[    6.218258] EDAC pnd2: d_cr_drp0=000000000 ret=2
[    6.218301] EDAC pnd2: d_cr_drp0=000000000 ret=2
[    6.218304] EDAC pnd2: ECC disabled on channel 0
[    6.218431] EDAC pnd2: Failed to register device with error -22.
[    6.268449] EDAC pnd2: b_cr_tolud_pci=080000001 ret=0
[    6.268498] EDAC pnd2: b_cr_touud_lo_pci=080000000 ret=0
[    6.268542] EDAC pnd2: b_cr_touud_hi_pci=000000001 ret=0
[    6.268585] EDAC pnd2: b_cr_asym_mem_region0_mchbar=000000000 ret=0
[    6.268628] EDAC pnd2: b_cr_asym_mem_region1_mchbar=000000000 ret=0
[    6.268671] EDAC pnd2: b_cr_mot_out_base_mchbar=000000000 ret=0
[    6.268715] EDAC pnd2: b_cr_mot_out_mask_mchbar=000000000 ret=0
[    6.268798] EDAC pnd2: b_cr_slice_channel_hash=80000d8480000249 ret=0
[    6.268843] EDAC pnd2: b_cr_asym_2way_mem_region_mchbar=000000000 ret=0
[    6.268886] EDAC pnd2: d_cr_drp0=0c000c005 ret=0
[    6.268929] EDAC pnd2: d_cr_drp0=000000000 ret=2
[    6.268972] EDAC pnd2: d_cr_drp0=000000000 ret=2
[    6.269014] EDAC pnd2: d_cr_drp0=000000000 ret=2
[    6.269017] EDAC pnd2: ECC disabled on channel 0
[    6.269166] EDAC pnd2: Failed to register device with error -22.
[    6.285136] snd_hda_intel 0000:00:0e.0: irq 141 for MSI/MSI-X
[    6.371075] XFS (sda1): Mounting V5 Filesystem
[    6.494713] snd_hda_codec_realtek hdaudioC0D0: autoconfig for ALC262: line_outs=1 (0x15/0x0/0x0/0x0/0x0) type:hp
[    6.494932] snd_hda_codec_realtek hdaudioC0D0:    speaker_outs=0 (0x0/0x0/0x0/0x0/0x0)
[    6.495104] snd_hda_codec_realtek hdaudioC0D0:    hp_outs=0 (0x0/0x0/0x0/0x0/0x0)
[    6.495274] snd_hda_codec_realtek hdaudioC0D0:    mono: mono_out=0x0
[    6.495391] snd_hda_codec_realtek hdaudioC0D0:    inputs:
[    6.495509] snd_hda_codec_realtek hdaudioC0D0:      Mic=0x18
[    6.529538] XFS (sda1): Ending clean mount
[    6.591708] snd_hda_codec_hdmi hdaudioC0D2: No i915 binding for Intel HDMI/DP codec
[    6.594037] hdaudio hdaudioC0D2: Unable to bind the codec
[    6.661328] Adding 3932156k swap on /dev/mapper/centos_test--ipc--wp12--01-swap.  Priority:-2 extents:1 across:3932156k SSFS
[    6.724007] XFS (dm-2): Mounting V5 Filesystem
[    6.799711] XFS (dm-2): Ending clean mount
[    7.075969] type=1305 audit(1626182231.530:3): audit_pid=691 old=0 auid=4294967295 ses=4294967295 subj=system_u:system_r:auditd_t:s0 res=1
[    7.117170] RPC: Registered named UNIX socket transport module.
[    7.117302] RPC: Registered udp transport module.
[    7.117418] RPC: Registered tcp transport module.
[    7.117536] RPC: Registered tcp NFSv4.1 backchannel transport module.
[    8.344697] IPv6: ADDRCONF(NETDEV_UP): enp1s0: link is not ready
[    8.738647] IPv6: ADDRCONF(NETDEV_UP): enp3s0: link is not ready
[   11.643298] igb 0000:03:00.0 enp3s0: igb: enp3s0 NIC Link is Up 1000 Mbps Full Duplex, Flow Control: RX
[   11.745045] IPv6: ADDRCONF(NETDEV_CHANGE): enp3s0: link becomes ready
[   17.151986] nf_conntrack version 0.5.0 (16384 buckets, 65536 max)
[   17.516262] FS-Cache: Loaded
[   17.527068] ec_master: loading out-of-tree module taints kernel.
[   17.529056] ec_master: module verification failed: signature and/or required key missing - tainting kernel
[   17.535516] EtherCAT: Master driver 1.5.2 unknown
[   17.537369] EtherCAT: 1 master waiting for devices.
[   17.557674] ec_generic: EtherCAT master generic Ethernet device module 1.5.2 unknown
[   17.557889] EtherCAT: Accepting 78:D0:04:2A:9D:6E as main device for master 0.
[   17.558082] ec_generic: Binding socket to interface 2 (enp1s0).
[   17.562296] EtherCAT 0: Starting EtherCAT-IDLE thread.
[   17.587624] FS-Cache: Netfs 'nfs' registered for caching
[   17.597561] Key type dns_resolver registered
[   17.653197] NFS: Registering the id_resolver key type
[   17.653360] Key type id_resolver registered
[   17.653477] Key type id_legacy registered
[   21.132964] random: crng init done
[  230.381033] igb 0000:01:00.0 enp1s0: igb: enp1s0 NIC Link is Up 100 Mbps Full Duplex, Flow Control: RX
[  230.381332] IPv6: ADDRCONF(NETDEV_CHANGE): enp1s0: link becomes ready
[  230.386137] EtherCAT 0: Link state of ecm0 changed to UP.
[  230.387549] EtherCAT 0: 12 slave(s) responding on main device.
[  230.387618] EtherCAT 0: Slave states on main device: INIT.
[  230.388208] EtherCAT 0: Scanning bus.
[  232.595197] EtherCAT 0: Bus scanning completed in 2207 ms.
[  232.595272] EtherCAT 0: Using slave 0 as DC reference clock.
[  232.596580] EtherCAT 0: Slave states on main device: INIT, PREOP.
[  232.648573] EtherCAT 0: Slave states on main device: PREOP.
[  246.055834] EtherCAT: Requesting master 0...
[  246.055908] EtherCAT: Successfully requested master 0.
[  246.522079] EtherCAT 0: Releasing master...
[  246.522179] EtherCAT 0: Released.
[  332.953201] EtherCAT: Requesting master 0...
[  332.953278] EtherCAT: Successfully requested master 0.
[  333.392692] EtherCAT 0: Domain0: Logical address 0x00000000, 88 byte, expected working counter 17.
[  333.392774] EtherCAT 0:   Datagram domain0-0-main: Logical offset 0x00000000, 88 byte, type LRW.
[  333.392970] EtherCAT 0: Master thread exited.
[  333.393088] EtherCAT 0: Starting EtherCAT-OP thread.
[  333.570702] EtherCAT 0: Domain 0: Working counter changed to 1/17.
[  333.668702] EtherCAT WARNING 0-3: Slave does not support changing the PDO mapping!
[  333.668890] EtherCAT WARNING 0-3: Currently mapped PDO entries: 0x6010:01/1 0x6010:02/1 0x6010:03/1 0x6010:04/1 0x6010:05/1 0x6010:06/1 0x6010:07/1 0x6010:08/1 0x6010:09/1 0x6010:0A/1 0x6010:0B/1 0x6010:0C/1 0x6010:0D/1 0x6010:0E/1 0x6010:0F/1 0x6010:10/1 0x6010:11/16 0x6010:12/16. Entries to map: 0x6010:00/16 0x6010:10/16 0x6010:20/16
[  333.765703] EtherCAT WARNING 0-4: Slave does not support changing the PDO mapping!
[  333.765881] EtherCAT WARNING 0-4: Currently mapped PDO entries: 0x6010:01/1 0x6010:02/1 0x6010:03/1 0x6010:04/1 0x6010:05/1 0x6010:06/1 0x6010:07/1 0x6010:08/1 0x6010:09/1 0x6010:0A/1 0x6010:0B/1 0x6010:0C/1 0x6010:0D/1 0x6010:0E/1 0x6010:0F/1 0x6010:10/1 0x6010:11/16 0x6010:12/16. Entries to map: 0x6010:00/16 0x6010:10/16 0x6010:20/16
[  333.973715] EtherCAT WARNING 0-8: Slave does not support changing the PDO mapping!
[  333.973890] EtherCAT WARNING 0-8: Currently mapped PDO entries: 0x7000:01/1 0x7000:02/1 0x7000:03/1 0x7000:04/1 0x0000:00/12 0x7000:11/16. Entries to map: 0x7000:01/16 0x7000:11/16
[  333.975100] EtherCAT WARNING 0-8: Slave does not support changing the PDO mapping!
[  333.975301] EtherCAT WARNING 0-8: Currently mapped PDO entries: 0x7010:01/1 0x7010:02/1 0x7010:03/1 0x0000:00/8 0x7010:0C/1 0x0000:00/4. Entries to map: 0x7010:01/16
[  333.991715] EtherCAT WARNING 0-8: Slave does not support changing the PDO mapping!
[  333.991893] EtherCAT WARNING 0-8: Currently mapped PDO entries: 0x6000:01/1 0x6000:02/1 0x6000:03/1 0x6000:04/1 0x6000:05/1 0x0000:00/2 0x6000:08/1 0x6000:09/1 0x6000:0A/1 0x6000:0B/1 0x0000:00/1 0x6000:0D/1 0x6000:0E/1 0x0000:00/1 0x6000:10/1 0x6000:11/16 0x6000:12/16. Entries to map: 0x6000:00/16 0x6000:11/16 0x6000:12/16
[  333.994591] EtherCAT WARNING 0-8: Slave does not support changing the PDO mapping!
[  333.994762] EtherCAT WARNING 0-8: Currently mapped PDO entries: 0x6010:01/1 0x6010:02/1 0x6010:03/1 0x6010:04/1 0x6010:05/1 0x6010:06/1 0x6010:07/1 0x6010:08/1 0x0000:00/3 0x6010:0C/1 0x6010:0D/1 0x6010:0E/1 0x0000:00/1 0x6010:10/1. Entries to map: 0x6010:01/16
[  334.201723] EtherCAT WARNING 0-9: Slave does not support changing the PDO mapping!
[  334.201914] EtherCAT WARNING 0-9: Currently mapped PDO entries: 0x7000:01/1 0x7000:02/1 0x7000:03/1 0x7000:04/1 0x0000:00/12 0x7000:11/16. Entries to map: 0x7000:01/16 0x7000:11/16
[  334.203341] EtherCAT WARNING 0-9: Slave does not support changing the PDO mapping!
[  334.203510] EtherCAT WARNING 0-9: Currently mapped PDO entries: 0x7010:01/1 0x7010:02/1 0x7010:03/1 0x0000:00/8 0x7010:0C/1 0x0000:00/4. Entries to map: 0x7010:01/16
[  334.219723] EtherCAT WARNING 0-9: Slave does not support changing the PDO mapping!
[  334.219912] EtherCAT WARNING 0-9: Currently mapped PDO entries: 0x6000:01/1 0x6000:02/1 0x6000:03/1 0x6000:04/1 0x6000:05/1 0x0000:00/2 0x6000:08/1 0x6000:09/1 0x6000:0A/1 0x6000:0B/1 0x0000:00/1 0x6000:0D/1 0x6000:0E/1 0x0000:00/1 0x6000:10/1 0x6000:11/16 0x6000:12/16. Entries to map: 0x6000:00/16 0x6000:11/16 0x6000:12/16
[  334.222709] EtherCAT WARNING 0-9: Slave does not support changing the PDO mapping!
[  334.222889] EtherCAT WARNING 0-9: Currently mapped PDO entries: 0x6010:01/1 0x6010:02/1 0x6010:03/1 0x6010:04/1 0x6010:05/1 0x6010:06/1 0x6010:07/1 0x6010:08/1 0x0000:00/3 0x6010:0C/1 0x6010:0D/1 0x6010:0E/1 0x0000:00/1 0x6010:10/1. Entries to map: 0x6010:01/16
[  334.282016] EtherCAT 0: Slave states on main device: PREOP, OP.
[  334.571716] EtherCAT 0: Domain 0: 7 working counter changes - now 17/17.
[  335.394156] EtherCAT WARNING 0: 21 datagrams UNMATCHED!
[  335.495729] EtherCAT WARNING: Datagram ffff9618acd376d8 (domain0-0-main) was SKIPPED 7 times.
[  335.572728] EtherCAT 0: Domain 0: 4 working counter changes - now 17/17.
[  336.495803] EtherCAT WARNING: Datagram ffff9618acd376d8 (domain0-0-main) was SKIPPED 4 times.
[  336.573552] EtherCAT 0: Domain 0: 34 working counter changes - now 17/17.
[  337.394058] EtherCAT WARNING 0: 204 datagrams UNMATCHED!
[  337.497757] EtherCAT WARNING: Datagram ffff9618acd376d8 (domain0-0-main) was SKIPPED 64 times.
[  337.574755] EtherCAT 0: Domain 0: 40 working counter changes - now 17/17.
[  339.096268] EtherCAT 0: Domain 0: Working counter changed to 0/17.
[  339.394086] EtherCAT WARNING 0: 57 datagrams UNMATCHED!
[  339.499785] EtherCAT WARNING: Datagram ffff9618acd376d8 (domain0-0-main) was SKIPPED 19 times.
[  340.097792] EtherCAT 0: Domain 0: 5 working counter changes - now 17/17.
[  368.798944] EtherCAT 0: Domain 0: Working counter changed to 0/17.
[  369.394493] EtherCAT WARNING 0: 6 datagrams UNMATCHED!
[  369.530194] EtherCAT WARNING: Datagram ffff9618acd376d8 (domain0-0-main) was SKIPPED 2 times.
[  369.800199] EtherCAT 0: Domain 0: Working counter changed to 17/17.
[  394.630214] EtherCAT 0: Domain 0: Working counter changed to 0/17.
[  395.394835] EtherCAT WARNING 0: 6 datagrams UNMATCHED!
[  395.556532] EtherCAT WARNING: Datagram ffff9618acd376d8 (domain0-0-main) was SKIPPED 2 times.
[  395.631531] EtherCAT 0: Domain 0: Working counter changed to 17/17.
[  399.097836] EtherCAT 0: Domain 0: Working counter changed to 0/17.
[  399.395885] EtherCAT WARNING 0: 27 datagrams UNMATCHED!
[  399.560583] EtherCAT WARNING: Datagram ffff9618acd376d8 (domain0-0-main) was SKIPPED 9 times.
[  400.099589] EtherCAT 0: Domain 0: 5 working counter changes - now 17/17.
[  405.636663] EtherCAT 0: Domain 0: Working counter changed to 0/17.
[  406.396102] EtherCAT WARNING 0: 6 datagrams UNMATCHED!
[  406.567674] EtherCAT WARNING: Datagram ffff9618acd376d8 (domain0-0-main) was SKIPPED 2 times.
[  406.637681] EtherCAT 0: Domain 0: 3 working counter changes - now 17/17.
[  459.239375] EtherCAT 0: Domain 0: Working counter changed to 0/17.
[  459.397677] EtherCAT WARNING 0: 3 datagrams UNMATCHED!
[  459.622376] EtherCAT WARNING: Datagram ffff9618acd376d8 (domain0-0-main) was SKIPPED 1 time.
[  460.240382] EtherCAT 0: Domain 0: Working counter changed to 17/17.
[  514.617547] EtherCAT 0: Domain 0: Working counter changed to 0/17.
[  514.678114] EtherCAT WARNING: Datagram ffff9618acd376d8 (domain0-0-main) was SKIPPED 1 time.
[  515.398414] EtherCAT WARNING 0: 3 datagrams UNMATCHED!
[  515.619115] EtherCAT 0: Domain 0: Working counter changed to 17/17.
[  519.099395] EtherCAT 0: Domain 0: Working counter changed to 0/17.
[  519.398469] EtherCAT WARNING 0: 6 datagrams UNMATCHED!
[  519.683170] EtherCAT WARNING: Datagram ffff9618acd376d8 (domain0-0-main) was SKIPPED 3 times.
[  520.101174] EtherCAT 0: Domain 0: 3 working counter changes - now 17/17.
[  520.398608] EtherCAT WARNING 0: 3 datagrams UNMATCHED!
[  574.632571] EtherCAT 0: Domain 0: Working counter changed to 0/17.
[  574.738893] EtherCAT WARNING: Datagram ffff9618acd376d8 (domain0-0-main) was SKIPPED 2 times.
[  575.399199] EtherCAT WARNING 0: 15 datagrams UNMATCHED!
[  575.633902] EtherCAT 0: Domain 0: 5 working counter changes - now 17/17.
[  575.739903] EtherCAT WARNING: Datagram ffff9618acd376d8 (domain0-0-main) was SKIPPED 3 times.
[  579.099713] EtherCAT 0: Domain 0: Working counter changed to 0/17.
[  579.400252] EtherCAT WARNING 0: 21 datagrams UNMATCHED!
[  579.743953] EtherCAT WARNING: Datagram ffff9618acd376d8 (domain0-0-main) was SKIPPED 7 times.
[  580.100957] EtherCAT 0: Domain 0: 5 working counter changes - now 17/17.
[  594.449142] EtherCAT 0: Domain 0: Working counter changed to 0/17.
[  594.759147] EtherCAT WARNING: Datagram ffff9618acd376d8 (domain0-0-main) was SKIPPED 2 times.
[  595.400456] EtherCAT WARNING 0: 6 datagrams UNMATCHED!
[  595.450154] EtherCAT 0: Domain 0: 3 working counter changes - now 17/17.
[  634.631023] EtherCAT 0: Domain 0: Working counter changed to 0/17.
[  634.799691] EtherCAT WARNING: Datagram ffff9618acd376d8 (domain0-0-main) was SKIPPED 1 time.
[  635.401102] EtherCAT WARNING 0: 6 datagrams UNMATCHED!
[  635.632678] EtherCAT 0: Domain 0: 3 working counter changes - now 17/17.
[  635.800684] EtherCAT WARNING: Datagram ffff9618acd376d8 (domain0-0-main) was SKIPPED 1 time.
[  636.401116] EtherCAT WARNING 0: 3 datagrams UNMATCHED!
[  636.633692] EtherCAT 0: Domain 0: 2 working counter changes - now 17/17.
[  636.801696] EtherCAT WARNING: Datagram ffff9618acd376d8 (domain0-0-main) was SKIPPED 1 time.
[  637.401131] EtherCAT WARNING 0: 3 datagrams UNMATCHED!
[  637.634705] EtherCAT 0: Domain 0: 2 working counter changes - now 17/17.
[  637.802709] EtherCAT WARNING: Datagram ffff9618acd376d8 (domain0-0-main) was SKIPPED 1 time.
[  639.139359] EtherCAT 0: Domain 0: Working counter changed to 0/17.
[  639.402158] EtherCAT WARNING 0: 33 datagrams UNMATCHED!
[  639.804736] EtherCAT WARNING: Datagram ffff9618acd376d8 (domain0-0-main) was SKIPPED 11 times.
[  640.140738] EtherCAT 0: Domain 0: 11 working counter changes - now 17/17.
[  640.402045] EtherCAT WARNING 0: 3 datagrams UNMATCHED!
[  640.805748] EtherCAT WARNING: Datagram ffff9618acd376d8 (domain0-0-main) was SKIPPED 1 time.
[  641.141751] EtherCAT 0: Domain 0: 2 working counter changes - now 17/17.
[  644.603498] EtherCAT 0: Domain 0: Working counter changed to 0/17.
[  644.809801] EtherCAT WARNING: Datagram ffff9618acd376d8 (domain0-0-main) was SKIPPED 9 times.
[  645.402123] EtherCAT WARNING 0: 33 datagrams UNMATCHED!
[  645.604810] EtherCAT 0: Domain 0: 7 working counter changes - now 17/17.
[  645.810815] EtherCAT WARNING: Datagram ffff9618acd376d8 (domain0-0-main) was SKIPPED 2 times.
[  646.402121] EtherCAT WARNING 0: 3 datagrams UNMATCHED!
[  646.605824] EtherCAT 0: Domain 0: 2 working counter changes - now 17/17.
[  646.811829] EtherCAT WARNING: Datagram ffff9618acd376d8 (domain0-0-main) was SKIPPED 1 time.
[  650.242872] EtherCAT 0: Domain 0: Working counter changed to 0/17.
[  650.402300] EtherCAT WARNING 0: 6 datagrams UNMATCHED!
[  650.815880] EtherCAT WARNING: Datagram ffff9618acd376d8 (domain0-0-main) was SKIPPED 2 times.
[  651.243885] EtherCAT 0: Domain 0: 7 working counter changes - now 17/17.
[  651.402189] EtherCAT WARNING 0: 42 datagrams UNMATCHED!
[  651.816894] EtherCAT WARNING: Datagram ffff9618acd376d8 (domain0-0-main) was SKIPPED 14 times.
[  665.795218] EtherCAT 0: Domain 0: Working counter changed to 0/17.
[  665.831079] EtherCAT WARNING: Datagram ffff9618acd376d8 (domain0-0-main) was SKIPPED 2 times.
[  666.402397] EtherCAT WARNING 0: 6 datagrams UNMATCHED!
[  666.797091] EtherCAT 0: Domain 0: 3 working counter changes - now 17/17.
[  670.902335] EtherCAT 0: Releasing master...
[  670.902443] EtherCAT 0: Master thread exited.
[  670.902644] EtherCAT 0: Starting EtherCAT-IDLE thread.
[  670.903896] EtherCAT 0: Released.
[  670.903912] EtherCAT ERROR 0-6: Failed to receive AL state datagram: Datagram initialized.
[  670.958452] EtherCAT 0: Slave states on main device: PREOP.
[  671.494456] EtherCAT WARNING: Datagram ffff9619b48a2680 (master-fsm) was SKIPPED 1 time.
[  832.825225] EtherCAT: Requesting master 0...
[  832.825308] EtherCAT: Successfully requested master 0.
[  833.348753] EtherCAT 0: Domain0: Logical address 0x00000000, 88 byte, expected working counter 17.
[  833.348878] EtherCAT 0:   Datagram domain0-0-main: Logical offset 0x00000000, 88 byte, type LRW.
[  833.349018] EtherCAT 0: Master thread exited.
[  833.349083] EtherCAT 0: Starting EtherCAT-OP thread.
[  833.349218] EtherCAT WARNING 0: 1 datagram UNMATCHED!
[  833.526733] EtherCAT 0: Domain 0: Working counter changed to 1/17.
[  834.096711] EtherCAT 0: Slave states on main device: PREOP, OP.
[  834.527747] EtherCAT 0: Domain 0: 7 working counter changes - now 17/17.
[  836.498045] EtherCAT 0: Domain 0: Working counter changed to 0/17.
[  837.349630] EtherCAT WARNING 0: 129 datagrams UNMATCHED!
[  837.454788] EtherCAT WARNING: Datagram ffff9619b321cc18 (domain0-0-main) was SKIPPED 43 times.
[  837.498786] EtherCAT 0: Domain 0: 73 working counter changes - now 17/17.
[ 1114.377839] EtherCAT 0: Releasing master...
[ 1114.377926] EtherCAT 0: Master thread exited.
[ 1114.378024] EtherCAT 0: Starting EtherCAT-IDLE thread.
[ 1114.378168] EtherCAT 0: Released.
[ 1114.390406] EtherCAT ERROR 0-3: AL status message 0x001B: "Sync manager watchdog".
[ 1114.391323] EtherCAT 0-3: Acknowledged state SAFEOP.
[ 1114.396185] EtherCAT ERROR 0-4: AL status message 0x001B: "Sync manager watchdog".
[ 1114.397265] EtherCAT 0-4: Acknowledged state SAFEOP.
[ 1114.412200] EtherCAT ERROR 0-8: AL status message 0x001B: "Sync manager watchdog".
[ 1114.412927] EtherCAT 0-8: Acknowledged state SAFEOP.
[ 1114.417418] EtherCAT ERROR 0-9: AL status message 0x001B: "Sync manager watchdog".
[ 1114.417904] EtherCAT 0-9: Acknowledged state SAFEOP.
[ 1114.430134] EtherCAT 0: Slave states on main device: PREOP.
[ 1182.391031] EtherCAT 0: 11 slave(s) responding on main device.
[ 1182.392419] EtherCAT 0: Scanning bus.
[ 1184.288850] EtherCAT WARNING 0: 1 datagram TIMED OUT!
[ 1184.288919] EtherCAT WARNING 0: 1 datagram UNMATCHED!
[ 1184.380175] EtherCAT ERROR 0-10: Failed to write station address: No response.
[ 1184.380302] EtherCAT 0: Bus scanning completed in 1989 ms.
[ 1184.380366] EtherCAT 0: Using slave 0 as DC reference clock.
[ 1184.380431] EtherCAT ERROR 0: Failed to calculate bus topology.
[ 1184.382072] EtherCAT 0: 10 slave(s) responding on main device.
[ 1184.382767] EtherCAT 0: Scanning bus.
[ 1186.372934] EtherCAT 0: Bus scanning completed in 1990 ms.
[ 1186.373005] EtherCAT 0: Using slave 0 as DC reference clock.
[ 1204.019309] EtherCAT 0: 11 slave(s) responding on main device.
[ 1204.019381] EtherCAT 0: Slave states on main device: INIT, PREOP.
[ 1204.020703] EtherCAT 0: Scanning bus.
[ 1207.465791] EtherCAT 0: Bus scanning completed in 3446 ms.
[ 1207.465862] EtherCAT 0: Using slave 0 as DC reference clock.
[ 1207.467374] EtherCAT 0: Slave states on main device: PREOP.
[ 1258.893862] EtherCAT: Requesting master 0...
[ 1258.893943] EtherCAT: Successfully requested master 0.
[ 1259.203897] EtherCAT 0: Domain0: Logical address 0x00000000, 352 byte, expected working counter 3.
[ 1259.204044] EtherCAT 0:   Datagram domain0-0-main: Logical offset 0x00000000, 352 byte, type LRW.
[ 1259.206048] EtherCAT 0: Master thread exited.
[ 1259.206119] EtherCAT 0: Starting EtherCAT-OP thread.
[ 1259.206316] EtherCAT WARNING 0: 1 datagram TIMED OUT!
[ 1265.058953] EtherCAT WARNING 0-10: Slave does not support changing the PDO mapping!
[ 1265.059078] EtherCAT WARNING 0-10: Currently mapped PDO entries: 0x7000:01/1 0x7000:02/1 0x0000:00/14. Entries to map: 0x7000:01/16
[ 1265.071953] EtherCAT WARNING 0-10: Slave does not support changing the PDO mapping!
[ 1265.072074] EtherCAT WARNING 0-10: Currently mapped PDO entries: 0x7010:01/1 0x7010:02/1 0x0000:00/14. Entries to map: 0x7010:01/16
[ 1265.084952] EtherCAT WARNING 0-10: Slave does not support changing the PDO mapping!
[ 1265.085070] EtherCAT WARNING 0-10: Currently mapped PDO entries: 0x7020:01/1 0x7020:02/1 0x0000:00/14. Entries to map: 0x7020:01/16
[ 1265.097950] EtherCAT WARNING 0-10: Slave does not support changing the PDO mapping!
[ 1265.098068] EtherCAT WARNING 0-10: Currently mapped PDO entries: 0x7030:01/1 0x7030:02/1 0x0000:00/14. Entries to map: 0x7030:01/16
[ 1265.116981] EtherCAT WARNING 0-10: Slave does not support changing the PDO mapping!
[ 1265.117098] EtherCAT WARNING 0-10: Currently mapped PDO entries: 0x6000:01/8 0x6000:09/1 0x6000:0A/1 0x6000:0B/1 0x0000:00/1 0x6000:0D/1 0x6000:0E/1 0x6000:0F/2 0x0000:00/16. Entries to map: 0x6000:01/32
[ 1265.191957] EtherCAT WARNING 0-10: Slave does not support changing the PDO mapping!
[ 1265.192075] EtherCAT WARNING 0-10: Currently mapped PDO entries: 0x6010:01/8 0x6010:09/1 0x6010:0A/1 0x6010:0B/1 0x0000:00/1 0x6010:0D/1 0x6010:0E/1 0x6010:0F/2 0x0000:00/16. Entries to map: 0x6010:01/32
[ 1265.255964] EtherCAT WARNING 0-10: Slave does not support changing the PDO mapping!
[ 1265.256086] EtherCAT WARNING 0-10: Currently mapped PDO entries: 0x6020:01/8 0x6020:09/1 0x6020:0A/1 0x6020:0B/1 0x0000:00/1 0x6020:0D/1 0x6020:0E/1 0x6020:0F/2 0x0000:00/16. Entries to map: 0x6020:01/32
[ 1265.322964] EtherCAT WARNING 0-10: Slave does not support changing the PDO mapping!
[ 1265.323086] EtherCAT WARNING 0-10: Currently mapped PDO entries: 0x6030:01/8 0x6030:09/1 0x6030:0A/1 0x6030:0B/1 0x0000:00/1 0x6030:0D/1 0x6030:0E/1 0x6030:0F/2 0x0000:00/16. Entries to map: 0x6030:01/32
[ 1265.426955] EtherCAT 0: Domain 0: Working counter changed to 3/3.
[ 1265.430237] EtherCAT 0: Slave states on main device: PREOP, OP.
[ 2217.365341] EtherCAT 0: Releasing master...
[ 2217.365431] EtherCAT 0: Master thread exited.
[ 2217.365517] EtherCAT 0: Starting EtherCAT-IDLE thread.
[ 2217.365649] EtherCAT 0: Released.
[ 2217.365671] EtherCAT ERROR 0-7: Failed to receive AL state datagram: Datagram initialized.
[ 2217.414299] EtherCAT ERROR 0-10: AL status message 0x001B: "Sync manager watchdog".
[ 2217.415279] EtherCAT 0-10: Acknowledged state SAFEOP.
[ 2217.419905] EtherCAT 0: Slave states on main device: PREOP.
[ 2217.543898] EtherCAT WARNING: Datagram ffff9619b48a2680 (master-fsm) was SKIPPED 1 time.
[ 2239.472404] EtherCAT: Requesting master 0...
[ 2239.472493] EtherCAT: Successfully requested master 0.
[ 2239.714947] EtherCAT 0: Domain0: Logical address 0x00000000, 352 byte, expected working counter 3.
[ 2239.715074] EtherCAT 0:   Datagram domain0-0-main: Logical offset 0x00000000, 352 byte, type LRW.
[ 2239.715251] EtherCAT 0: Master thread exited.
[ 2239.715318] EtherCAT 0: Starting EtherCAT-OP thread.
[ 2239.715467] EtherCAT WARNING 0: 1 datagram UNMATCHED!
[ 2245.717996] EtherCAT 0: Domain 0: Working counter changed to 3/3.
[ 2245.725249] EtherCAT 0: Slave states on main device: PREOP, OP.
[ 2725.725853] EtherCAT 0: Domain 0: Working counter changed to 0/3.
[ 2725.732149] EtherCAT WARNING 0: 3 datagrams UNMATCHED!
[ 2726.307855] EtherCAT WARNING: Datagram ffff9618acd37318 (domain0-0-main) was SKIPPED 1 time.
[ 2726.726857] EtherCAT 0: Domain 0: Working counter changed to 3/3.
[ 4145.716398] EtherCAT 0: Releasing master...
[ 4145.716488] EtherCAT 0: Master thread exited.
[ 4145.716576] EtherCAT 0: Starting EtherCAT-IDLE thread.
[ 4145.716717] EtherCAT 0: Released.
[ 4145.752175] EtherCAT ERROR 0-10: AL status message 0x001B: "Sync manager watchdog".
[ 4145.752923] EtherCAT 0-10: Acknowledged state SAFEOP.
[ 4145.783903] EtherCAT 0: Slave states on main device: PREOP.
